Error at line 2: Type missmatch for lang.ast.IfElse!
