int b(){
    int x;
    x = 10;
}
int a(){
    int x;
    x = 10;
    int y = 11;
    print(b(x, y));
}