int a() {
    if (3 > 2) {
        return 1;
    }
}