int a() {
    if (a > b) {
        a = a - b;
    } else {
        b = b - a;
    }
}