Error at line 2: symbol 'x' has not been declared before this use!
