Error at line 6: symbol 'a' has the wrong number of arguments!