Error at line 2: symbol 'y' has not been declared before this use!
