Error at line 6: not correct amodunt of params for function 'a'! 1 given, 2 is needed.