Program
  List
    FunctionDecl ID="a"
      List
      Block
        List
          IdDeclStmt
            IdDecl ID="x"
          Assignment
            IdDecl ID="y"
            Numeral NUMERAL="5"