Program
  List
    FunctionDecl ID="a"
      List
      Block
        List
          IdDeclStmt
            IdDecl ID="x"
          IdDeclStmt
            IdDecl ID="y"