Program
  List
    FunctionDecl
      IdDecl ID="lucas"
      List
      Block
        List