Program
  List
    FunctionDecl
      IdDecl ID="g"
      List
      Block
        List
          ReturnStmt
            Neg
              Numeral NUMERAL="3"