Program
  List
    FunctionDecl ID="a"
      List
      Block
        List
          IdDecl ID="x"
          Assignment
            IdUse ID="x"
            Mul
              Sub
                Numeral NUMERAL="3"
                Numeral NUMERAL="4"
              Numeral NUMERAL="5"