Program
  List
    FunctionDecl
      IdDecl ID="a"
      List
      Block
        List
          IdDeclStmt
            IdDecl ID="x"
          Assignment
            IdUse ID="x"
            FunctionCall
              IdUse ID="read"
              List