Error at line 5: the definition of symbol 'a' is circular