Program
  List
    FunctionDecl
      IdDecl ID="a"
        IntType
      List
      Block
        List
          IdDeclStmt
            IdDecl ID="x"
              IntType
          IdDeclStmt
            IdDecl ID="y"
              IntType