Program
  List
    FunctionDecl
      IdDecl ID="lucas"
        IntType
      List
      Block
        List