Program
  List
    FunctionDecl
      List
      Block
        List
          IdDecl ID="x"
          IdDecl ID="y"