Program
  List
    FunctionDecl
      List
      Block
        List