Program
  List
    FunctionDecl
      List
      Block
        List
          IfElse
            Eq
              ReadExpr
              Numeral NUMERAL="9"
            Block
              List
            Opt