Program
  List
    FunctionDecl ID="g"
      List
      Block
        List
          ReturnStmt
            Neg
              Numeral NUMERAL="3"