Program
  List
    FunctionCallStmt
      Block
        List
          IdDecl ID="x"
          Assignment
            IdUse ID="x"
            Mul
              Mul
                Numeral NUMERAL="5"
                Numeral NUMERAL="4"
              Numeral NUMERAL="3"