Program
  List
    FunctionDecl
      Block
        List
          IdDecl ID="x"
          Assignment
            IdUse ID="x"
            Add
              Add
                Numeral NUMERAL="5"
                Numeral NUMERAL="4"
              Numeral NUMERAL="3"