Program
  List
    FunctionCallStmt
      Block
        List
          IdDecl ID="x"
          Assignment
            IdUse ID="x"
            ReadExpr